loading app /home/a-anuj/Desktop/multi-controller-attack/sdn-multictrl/controllers/ew_controller.py
loading app ryu.controller.ofp_handler
instantiating app /home/a-anuj/Desktop/multi-controller-attack/sdn-multictrl/controllers/ew_controller.py of EWController
[Domain A] EW+TE Controller started. DPIDs=[1, 2, 3]  TE=True
[Domain A] Seeded 3 switches, 3 intra links, 2 inter links
instantiating app ryu.controller.ofp_handler of OFPHandler
[EW-API] GreenThread launched.
[SyncAgent-A] Starting (interval=5s, peers=['B', 'C'])
[Domain A] EW infra up: API=8080, TE=True, peers=['B', 'C']
[EW-API] Starting Flask on 0.0.0.0:8080 (domain=A)
[SyncAgent-A] Merged topology from domain B (0 switches, 3 links)
[EW-API] /update from domain=B  bytes=450
[EW-API] /update from domain=C  bytes=450
[EW-API] /update from domain=B  bytes=57
[EW-API] /update from domain=C  bytes=57
[SyncAgent-A] Merged topology from domain C (0 switches, 3 links)
[SyncAgent-A] Merged topology from domain B (0 switches, 3 links)
[EW-API] /update from domain=B  bytes=450
[EW-API] /update from domain=C  bytes=450
[EW-API] /update from domain=B  bytes=57
[EW-API] /update from domain=C  bytes=57
[SyncAgent-A] Merged topology from domain C (0 switches, 3 links)
[SyncAgent-A] Merged topology from domain B (0 switches, 3 links)
[EW-API] /update from domain=B  bytes=450
[EW-API] /update from domain=C  bytes=450
[EW-API] /update from domain=B  bytes=57
[EW-API] /update from domain=C  bytes=57
[SyncAgent-A] Merged topology from domain C (0 switches, 3 links)
[SyncAgent-A] Merged topology from domain B (0 switches, 3 links)
[EW-API] /update from domain=B  bytes=450
[EW-API] /update from domain=C  bytes=450
[EW-API] /update from domain=B  bytes=57
[EW-API] /update from domain=C  bytes=57
[SyncAgent-A] Merged topology from domain C (0 switches, 3 links)
[SyncAgent-A] Merged topology from domain B (0 switches, 3 links)
[EW-API] /update from domain=B  bytes=450
[EW-API] /update from domain=B  bytes=57
[EW-API] /update from domain=C  bytes=450
[EW-API] /update from domain=C  bytes=57
[SyncAgent-A] Merged topology from domain C (0 switches, 3 links)
[SyncAgent-A] Merged topology from domain B (0 switches, 3 links)
[EW-API] /update from domain=B  bytes=450
[EW-API] /update from domain=C  bytes=450
[EW-API] /update from domain=B  bytes=57
[EW-API] /update from domain=C  bytes=57
[SyncAgent-A] Merged topology from domain C (0 switches, 3 links)
[SyncAgent-A] Merged topology from domain B (0 switches, 3 links)
[EW-API] /update from domain=B  bytes=450
[EW-API] /update from domain=C  bytes=450
[EW-API] /update from domain=B  bytes=57
[EW-API] /update from domain=C  bytes=57
[SyncAgent-A] Merged topology from domain C (0 switches, 3 links)
[SyncAgent-A] Merged topology from domain B (0 switches, 3 links)
[EW-API] /update from domain=B  bytes=450
[EW-API] /update from domain=C  bytes=450
[EW-API] /update from domain=B  bytes=57
[EW-API] /update from domain=C  bytes=57
[SyncAgent-A] Merged topology from domain C (0 switches, 3 links)
[SyncAgent-A] Merged topology from domain B (0 switches, 3 links)
[EW-API] /update from domain=B  bytes=450
[EW-API] /update from domain=C  bytes=450
[EW-API] /update from domain=B  bytes=57
[EW-API] /update from domain=C  bytes=57
[SyncAgent-A] Merged topology from domain C (0 switches, 3 links)
[SyncAgent-A] Merged topology from domain B (0 switches, 3 links)
[EW-API] /update from domain=B  bytes=450
[EW-API] /update from domain=C  bytes=450
[EW-API] /update from domain=B  bytes=57
[EW-API] /update from domain=C  bytes=57
[SyncAgent-A] Merged topology from domain C (0 switches, 3 links)
[SyncAgent-A] Merged topology from domain B (0 switches, 3 links)
[EW-API] /update from domain=B  bytes=450
[EW-API] /update from domain=C  bytes=450
[EW-API] /update from domain=B  bytes=57
[EW-API] /update from domain=C  bytes=57
[SyncAgent-A] Merged topology from domain C (0 switches, 3 links)
[SyncAgent-A] Merged topology from domain B (0 switches, 3 links)
[EW-API] /update from domain=B  bytes=450
[EW-API] /update from domain=C  bytes=450
[EW-API] /update from domain=B  bytes=57
[EW-API] /update from domain=C  bytes=57
[SyncAgent-A] Merged topology from domain C (0 switches, 3 links)
[SyncAgent-A] Merged topology from domain B (0 switches, 3 links)
[EW-API] /update from domain=B  bytes=450
[EW-API] /update from domain=C  bytes=450
[EW-API] /update from domain=B  bytes=57
[EW-API] /update from domain=C  bytes=57
[SyncAgent-A] Merged topology from domain C (0 switches, 3 links)
[SyncAgent-A] Merged topology from domain B (0 switches, 3 links)
[EW-API] /update from domain=B  bytes=450
[EW-API] /update from domain=C  bytes=450
[EW-API] /update from domain=B  bytes=57
[EW-API] /update from domain=C  bytes=57
[SyncAgent-A] Merged topology from domain C (0 switches, 3 links)
[SyncAgent-A] Merged topology from domain B (0 switches, 3 links)
[EW-API] /update from domain=B  bytes=450
[EW-API] /update from domain=C  bytes=450
[EW-API] /update from domain=B  bytes=57
[EW-API] /update from domain=C  bytes=57
[SyncAgent-A] Merged topology from domain C (0 switches, 3 links)
[SyncAgent-A] Merged topology from domain B (0 switches, 3 links)
[EW-API] /update from domain=B  bytes=450
[EW-API] /update from domain=C  bytes=450
[EW-API] /update from domain=B  bytes=57
[EW-API] /update from domain=C  bytes=57
[SyncAgent-A] Merged topology from domain C (0 switches, 3 links)
[SyncAgent-A] Merged topology from domain B (0 switches, 3 links)
[EW-API] /update from domain=B  bytes=450
[EW-API] /update from domain=C  bytes=450
[EW-API] /update from domain=B  bytes=57
[EW-API] /update from domain=C  bytes=57
[SyncAgent-A] Merged topology from domain C (0 switches, 3 links)
[SyncAgent-A] Merged topology from domain B (0 switches, 3 links)
[EW-API] /update from domain=B  bytes=450
[EW-API] /update from domain=C  bytes=450
[EW-API] /update from domain=B  bytes=57
[EW-API] /update from domain=C  bytes=57
[SyncAgent-A] Merged topology from domain C (0 switches, 3 links)
[SyncAgent-A] Merged topology from domain B (0 switches, 3 links)
[EW-API] /update from domain=B  bytes=450
[EW-API] /update from domain=C  bytes=450
[EW-API] /update from domain=B  bytes=57
[EW-API] /update from domain=C  bytes=57
[SyncAgent-A] Merged topology from domain C (0 switches, 3 links)
[SyncAgent-A] Merged topology from domain B (0 switches, 3 links)
[EW-API] /update from domain=B  bytes=450
[EW-API] /update from domain=C  bytes=450
[EW-API] /update from domain=B  bytes=57
[EW-API] /update from domain=C  bytes=57
[SyncAgent-A] Merged topology from domain C (0 switches, 3 links)
[SyncAgent-A] Merged topology from domain B (0 switches, 3 links)
[EW-API] /update from domain=B  bytes=450
[EW-API] /update from domain=C  bytes=450
[EW-API] /update from domain=B  bytes=57
[EW-API] /update from domain=C  bytes=57
[SyncAgent-A] Merged topology from domain C (0 switches, 3 links)
[SyncAgent-A] Merged topology from domain B (0 switches, 3 links)
[EW-API] /update from domain=B  bytes=450
[EW-API] /update from domain=B  bytes=57
[EW-API] /update from domain=C  bytes=450
[EW-API] /update from domain=C  bytes=57
[SyncAgent-A] Merged topology from domain C (0 switches, 3 links)
[SyncAgent-A] Merged topology from domain B (0 switches, 3 links)
[EW-API] /update from domain=B  bytes=450
[EW-API] /update from domain=C  bytes=450
[EW-API] /update from domain=B  bytes=57
[EW-API] /update from domain=C  bytes=57
[SyncAgent-A] Merged topology from domain C (0 switches, 3 links)
[SyncAgent-A] Merged topology from domain B (0 switches, 3 links)
[EW-API] /update from domain=B  bytes=450
[EW-API] /update from domain=B  bytes=57
[EW-API] /update from domain=C  bytes=450
[EW-API] /update from domain=C  bytes=57
[SyncAgent-A] Merged topology from domain C (0 switches, 3 links)
