loading app /home/a-anuj/Desktop/multi-controller-attack/sdn-multictrl/controllers/ew_controller.py
loading app ryu.controller.ofp_handler
instantiating app /home/a-anuj/Desktop/multi-controller-attack/sdn-multictrl/controllers/ew_controller.py of EWController
[Domain B] EW+TE Controller started. DPIDs=[4, 5, 6]  TE=True
[Domain B] Seeded 3 switches, 3 intra links, 2 inter links
instantiating app ryu.controller.ofp_handler of OFPHandler
[EW-API] GreenThread launched.
[SyncAgent-B] Starting (interval=5s, peers=['A', 'C'])
[Domain B] EW infra up: API=8081, TE=True, peers=['A', 'C']
[EW-API] Starting Flask on 0.0.0.0:8081 (domain=B)
[SyncAgent-B] Merged topology from domain A (0 switches, 3 links)
[EW-API] /update from domain=A  bytes=450
[EW-API] /update from domain=A  bytes=57
[SyncAgent-B] Merged topology from domain C (0 switches, 3 links)
[EW-API] /update from domain=C  bytes=450
[EW-API] /update from domain=C  bytes=57
[SyncAgent-B] Merged topology from domain A (0 switches, 3 links)
[EW-API] /update from domain=A  bytes=450
[EW-API] /update from domain=A  bytes=57
[SyncAgent-B] Merged topology from domain C (0 switches, 3 links)
[EW-API] /update from domain=C  bytes=450
[EW-API] /update from domain=C  bytes=57
[SyncAgent-B] Merged topology from domain A (0 switches, 3 links)
[EW-API] /update from domain=A  bytes=450
[EW-API] /update from domain=A  bytes=57
[SyncAgent-B] Merged topology from domain C (0 switches, 3 links)
[EW-API] /update from domain=C  bytes=450
[EW-API] /update from domain=C  bytes=57
[SyncAgent-B] Merged topology from domain A (0 switches, 3 links)
[EW-API] /update from domain=A  bytes=450
[EW-API] /update from domain=A  bytes=57
[SyncAgent-B] Merged topology from domain C (0 switches, 3 links)
[EW-API] /update from domain=C  bytes=450
[EW-API] /update from domain=C  bytes=57
[SyncAgent-B] Merged topology from domain A (0 switches, 3 links)
[EW-API] /update from domain=A  bytes=450
[EW-API] /update from domain=A  bytes=57
[SyncAgent-B] Merged topology from domain C (0 switches, 3 links)
[EW-API] /update from domain=C  bytes=450
[EW-API] /update from domain=C  bytes=57
[SyncAgent-B] Merged topology from domain A (0 switches, 3 links)
[EW-API] /update from domain=A  bytes=450
[EW-API] /update from domain=A  bytes=57
[SyncAgent-B] Merged topology from domain C (0 switches, 3 links)
[EW-API] /update from domain=C  bytes=450
[EW-API] /update from domain=C  bytes=57
[SyncAgent-B] Merged topology from domain A (0 switches, 3 links)
[EW-API] /update from domain=A  bytes=450
[EW-API] /update from domain=A  bytes=57
[SyncAgent-B] Merged topology from domain C (0 switches, 3 links)
[EW-API] /update from domain=C  bytes=450
[EW-API] /update from domain=C  bytes=57
[SyncAgent-B] Merged topology from domain A (0 switches, 3 links)
[EW-API] /update from domain=A  bytes=450
[EW-API] /update from domain=A  bytes=57
[SyncAgent-B] Merged topology from domain C (0 switches, 3 links)
[EW-API] /update from domain=C  bytes=450
[EW-API] /update from domain=C  bytes=57
[SyncAgent-B] Merged topology from domain A (0 switches, 3 links)
[EW-API] /update from domain=A  bytes=450
[EW-API] /update from domain=A  bytes=57
[SyncAgent-B] Merged topology from domain C (0 switches, 3 links)
[EW-API] /update from domain=C  bytes=450
[EW-API] /update from domain=C  bytes=57
[SyncAgent-B] Merged topology from domain A (0 switches, 3 links)
[EW-API] /update from domain=A  bytes=450
[EW-API] /update from domain=A  bytes=57
[SyncAgent-B] Merged topology from domain C (0 switches, 3 links)
[EW-API] /update from domain=C  bytes=450
[EW-API] /update from domain=C  bytes=57
[SyncAgent-B] Merged topology from domain A (0 switches, 3 links)
[EW-API] /update from domain=A  bytes=450
[EW-API] /update from domain=A  bytes=57
[SyncAgent-B] Merged topology from domain C (0 switches, 3 links)
[EW-API] /update from domain=C  bytes=450
[EW-API] /update from domain=C  bytes=57
[SyncAgent-B] Merged topology from domain A (0 switches, 3 links)
[EW-API] /update from domain=A  bytes=450
[EW-API] /update from domain=A  bytes=57
[SyncAgent-B] Merged topology from domain C (0 switches, 3 links)
[EW-API] /update from domain=C  bytes=450
[EW-API] /update from domain=C  bytes=57
[SyncAgent-B] Merged topology from domain A (0 switches, 3 links)
[EW-API] /update from domain=A  bytes=450
[EW-API] /update from domain=A  bytes=57
[SyncAgent-B] Merged topology from domain C (0 switches, 3 links)
[EW-API] /update from domain=C  bytes=450
[EW-API] /update from domain=C  bytes=57
[SyncAgent-B] Merged topology from domain A (0 switches, 3 links)
[EW-API] /update from domain=A  bytes=450
[EW-API] /update from domain=A  bytes=57
[SyncAgent-B] Merged topology from domain C (0 switches, 3 links)
[EW-API] /update from domain=C  bytes=450
[EW-API] /update from domain=C  bytes=57
[SyncAgent-B] Merged topology from domain A (0 switches, 3 links)
[EW-API] /update from domain=A  bytes=450
[EW-API] /update from domain=A  bytes=57
[SyncAgent-B] Merged topology from domain C (0 switches, 3 links)
[EW-API] /update from domain=C  bytes=450
[EW-API] /update from domain=C  bytes=57
[SyncAgent-B] Merged topology from domain A (0 switches, 3 links)
[EW-API] /update from domain=A  bytes=450
[EW-API] /update from domain=A  bytes=57
[SyncAgent-B] Merged topology from domain C (0 switches, 3 links)
[EW-API] /update from domain=C  bytes=450
[EW-API] /update from domain=C  bytes=57
[SyncAgent-B] Merged topology from domain A (0 switches, 3 links)
[EW-API] /update from domain=A  bytes=450
[EW-API] /update from domain=A  bytes=57
[SyncAgent-B] Merged topology from domain C (0 switches, 3 links)
[EW-API] /update from domain=C  bytes=450
[EW-API] /update from domain=C  bytes=57
[SyncAgent-B] Merged topology from domain A (0 switches, 3 links)
[EW-API] /update from domain=A  bytes=450
[EW-API] /update from domain=A  bytes=57
[SyncAgent-B] Merged topology from domain C (0 switches, 3 links)
[EW-API] /update from domain=C  bytes=450
[EW-API] /update from domain=C  bytes=57
[SyncAgent-B] Merged topology from domain A (0 switches, 3 links)
[EW-API] /update from domain=A  bytes=450
[EW-API] /update from domain=A  bytes=57
[SyncAgent-B] Merged topology from domain C (0 switches, 3 links)
[EW-API] /update from domain=C  bytes=450
[EW-API] /update from domain=C  bytes=57
[SyncAgent-B] Merged topology from domain A (0 switches, 3 links)
[EW-API] /update from domain=A  bytes=450
[EW-API] /update from domain=A  bytes=57
[SyncAgent-B] Merged topology from domain C (0 switches, 3 links)
[EW-API] /update from domain=C  bytes=450
[EW-API] /update from domain=C  bytes=57
[SyncAgent-B] Merged topology from domain A (0 switches, 3 links)
[EW-API] /update from domain=A  bytes=450
[EW-API] /update from domain=A  bytes=57
[SyncAgent-B] Merged topology from domain C (0 switches, 3 links)
[EW-API] /update from domain=C  bytes=450
[EW-API] /update from domain=C  bytes=57
[SyncAgent-B] Merged topology from domain A (0 switches, 3 links)
[EW-API] /update from domain=A  bytes=450
[EW-API] /update from domain=A  bytes=57
[SyncAgent-B] Merged topology from domain C (0 switches, 3 links)
[EW-API] /update from domain=C  bytes=450
[EW-API] /update from domain=C  bytes=57
[SyncAgent-B] Merged topology from domain A (0 switches, 3 links)
[EW-API] /update from domain=A  bytes=450
[EW-API] /update from domain=A  bytes=57
[SyncAgent-B] Merged topology from domain C (0 switches, 3 links)
[EW-API] /update from domain=C  bytes=450
[EW-API] /update from domain=C  bytes=57
[SyncAgent-B] Merged topology from domain A (0 switches, 3 links)
[EW-API] /update from domain=A  bytes=450
[EW-API] /update from domain=A  bytes=57
[SyncAgent-B] Merged topology from domain C (0 switches, 3 links)
[EW-API] /update from domain=C  bytes=450
[EW-API] /update from domain=C  bytes=57
